dmar_w
dmzms_w
dwkrz_0
dwkrz_1
dwkrz_2
dwkrz_3
dwkrz_4
dwkrz_5
dzwb
dzws
;etalab
etazwbm
etazws
fr2_w
fr_w
frm2_w
frm_w
frxt
frxta_w
fldrrx_w
gangi
lambts_w
lamfa_w
lamfaw_w
;lamfawkr_w
lamsbg_w
lamsoni_w
lamsoni2_w
ldimn_w
ldimx_w
;ldimxa_0
;ldimxa_1
;ldimxa_2
;ldimxa_3
;ldimxa_4
ldimxak_w
ldrlts_w
lditv_w
ldptv
ldrdtv
ldtvm
ldtvr_w
mdverl_w
miasrl_w
;miasrs_w
mibas_w
mifa_w
;miist_w
;migs_w
milsol_w
;milsolv_w
mimax_w
;miopt_w
misol_w
misolv_w
dmaufr_w
misopl1_w
miszul_w
;miszull_w
;mizsol_w
mizsolv_w
msdk_w
mshfm_w
nmot_w
perffilt_w
;perfmax_w
plsol_w
ps_w
pu_w
pvdkds_w
;redist
;rkrn_w_0
;rkrn_w_1
;rkrn_w_2
;rkrn_w_3
;rkrn_w_4
;rkrn_w_5
rl
rl_w
rlroh_w
rlmax_w
rlmx_w
rlsol_w
tabgm_w
tanslin
tats2_w
tats_w
te_w
te2_w
ti_b1
ti_b2
tmotlin
;ub
uhfm_w
;ushk
;ushk2
usvk
usvk2
;uulsuv_w
wdkba
wkrdy
;wkrdya_0
;wkrdya_1
;wkrdya_2
;wkrdya_3
wkrm
wped_w
zaldy
zwbas
;zwbasar_0
;zwbasar_1
;zwbasar_2
;zwbasar_3
zwgru
zwist
zwopt
zwout
;zwoutar_0
;zwoutar_1
;zwoutar_2
;zwoutar_3
zwsol

;mkar_w
;ndar_w
;ndiff_w
nmod_w
;fdar

B_ar
;B_krldya
;B_krldyv
;B_mibeg
;B_zwget
;B_zwnget
;B_zwvzvb
;B_zwvz
;B_zwvs

ldimxr_w
;B_ldimxp
;B_ldimxa
;B_ldipos
;B_ehfm
;B_ehfm1

B_ldsua
